This is pdfTeX, Version 3.141592653-2.6-1.40.28 (MiKTeX 25.12) (preloaded format=pdflatex 2026.1.23)  23 MAR 2026 07:14
entering extended mode
 restricted \write18 enabled.
 %&-line parsing enabled.
**./artigo2-elsevier_V1_anonima.tex
(artigo2-elsevier_V1_anonima.tex
LaTeX2e <2025-11-01>
L3 programming layer <2025-12-29>
(C:\Users\vidal\AppData\Local\Programs\MiKTeX\tex/latex/base\article.cls
Document Class: article 2025/01/22 v1.4n Standard LaTeX document class
(C:\Users\vidal\AppData\Local\Programs\MiKTeX\tex/latex/base\size12.clo
File: size12.clo 2025/01/22 v1.4n Standard LaTeX file (size option)
)
\c@part=\count275
\c@section=\count276
\c@subsection=\count277
\c@subsubsection=\count278
\c@paragraph=\count279
\c@subparagraph=\count280
\c@figure=\count281
\c@table=\count282
\abovecaptionskip=\skip49
\belowcaptionskip=\skip50
\bibindent=\dimen148
)
(C:\Users\vidal\AppData\Local\Programs\MiKTeX\tex/latex/amsfonts\amssymb.sty
Package: amssymb 2013/01/14 v3.01 AMS font symbols

(C:\Users\vidal\AppData\Local\Programs\MiKTeX\tex/latex/amsfonts\amsfonts.sty
Package: amsfonts 2013/01/14 v3.01 Basic AMSFonts support
\@emptytoks=\toks17
\symAMSa=\mathgroup4
\symAMSb=\mathgroup5
LaTeX Font Info:    Redeclaring math symbol \hbar on input line 98.
LaTeX Font Info:    Overwriting math alphabet `\mathfrak' in version `bold'
(Font)                  U/euf/m/n --> U/euf/b/n on input line 106.
)) (C:\Users\vidal\AppData\Local\Programs\MiKTeX\tex/latex/amsmath\amsmath.sty
Package: amsmath 2025/07/09 v2.17z AMS math features
\@mathmargin=\skip51

For additional information on amsmath, use the `?' option.
(C:\Users\vidal\AppData\Local\Programs\MiKTeX\tex/latex/amsmath\amstext.sty
Package: amstext 2024/11/17 v2.01 AMS text

(C:\Users\vidal\AppData\Local\Programs\MiKTeX\tex/latex/amsmath\amsgen.sty
File: amsgen.sty 1999/11/30 v2.0 generic functions
\@emptytoks=\toks18
\ex@=\dimen149
))
(C:\Users\vidal\AppData\Local\Programs\MiKTeX\tex/latex/amsmath\amsbsy.sty
Package: amsbsy 1999/11/29 v1.2d Bold Symbols
\pmbraise@=\dimen150
)
(C:\Users\vidal\AppData\Local\Programs\MiKTeX\tex/latex/amsmath\amsopn.sty
Package: amsopn 2022/04/08 v2.04 operator names
)
\inf@bad=\count283
LaTeX Info: Redefining \frac on input line 233.
\uproot@=\count284
\leftroot@=\count285
LaTeX Info: Redefining \overline on input line 398.
LaTeX Info: Redefining \colon on input line 409.
\classnum@=\count286
\DOTSCASE@=\count287
LaTeX Info: Redefining \ldots on input line 495.
LaTeX Info: Redefining \dots on input line 498.
LaTeX Info: Redefining \cdots on input line 619.
\Mathstrutbox@=\box53
\strutbox@=\box54
LaTeX Info: Redefining \big on input line 721.
LaTeX Info: Redefining \Big on input line 722.
LaTeX Info: Redefining \bigg on input line 723.
LaTeX Info: Redefining \Bigg on input line 724.
\big@size=\dimen151
LaTeX Font Info:    Redeclaring font encoding OML on input line 742.
LaTeX Font Info:    Redeclaring font encoding OMS on input line 743.
\macc@depth=\count288
LaTeX Info: Redefining \bmod on input line 904.
LaTeX Info: Redefining \pmod on input line 909.
LaTeX Info: Redefining \smash on input line 939.
LaTeX Info: Redefining \relbar on input line 969.
LaTeX Info: Redefining \Relbar on input line 970.
\c@MaxMatrixCols=\count289
\dotsspace@=\muskip17
\c@parentequation=\count290
\dspbrk@lvl=\count291
\tag@help=\toks19
\row@=\count292
\column@=\count293
\maxfields@=\count294
\andhelp@=\toks20
\eqnshift@=\dimen152
\alignsep@=\dimen153
\tagshift@=\dimen154
\tagwidth@=\dimen155
\totwidth@=\dimen156
\lineht@=\dimen157
\@envbody=\toks21
\multlinegap=\skip52
\multlinetaggap=\skip53
\mathdisplay@stack=\toks22
LaTeX Info: Redefining \[ on input line 2950.
LaTeX Info: Redefining \] on input line 2951.
)
(C:\Users\vidal\AppData\Local\Programs\MiKTeX\tex/latex/tools\bm.sty
Package: bm 2025/10/21 v1.2g Bold Symbol Support (DPC/FMi)
\symboldoperators=\mathgroup6
\symboldletters=\mathgroup7
\symboldsymbols=\mathgroup8
Package bm Info: No bold for \OMX/cmex/m/n, using \pmb.
Package bm Info: No bold for \U/msa/m/n, using \pmb.
Package bm Info: No bold for \U/msb/m/n, using \pmb.
LaTeX Font Info:    Redeclaring math alphabet \mathbf on input line 149.
)
(C:\Users\vidal\AppData\Local\Programs\MiKTeX\tex/latex/lineno\lineno.sty
Package: lineno 2025/05/13 line numbers on paragraphs v5.5

(C:\Users\vidal\AppData\Local\Programs\MiKTeX\tex/latex/etoolbox\etoolbox.sty
Package: etoolbox 2025/10/02 v2.5m e-TeX tools for LaTeX (JAW)
\etb@tempcnta=\count295
)
(C:\Users\vidal\AppData\Local\Programs\MiKTeX\tex/latex/kvoptions\kvoptions.sty
Package: kvoptions 2022-06-15 v3.15 Key value format for package options (HO)
(C:\Users\vidal\AppData\Local\Programs\MiKTeX\tex/latex/graphics\keyval.sty
Package: keyval 2022/05/29 v1.15 key=value parser (DPC)
\KV@toks@=\toks23
)
(C:\Users\vidal\AppData\Local\Programs\MiKTeX\tex/generic/ltxcmds\ltxcmds.sty
Package: ltxcmds 2023-12-04 v1.26 LaTeX kernel commands for general use (HO)
)
(C:\Users\vidal\AppData\Local\Programs\MiKTeX\tex/latex/kvsetkeys\kvsetkeys.sty
Package: kvsetkeys 2022-10-05 v1.19 Key value parser (HO)
))
\linenopenalty=\count296
\output=\toks24
\linenoprevgraf=\count297
\linenumbersep=\dimen158
\linenumberwidth=\dimen159
\c@linenumber=\count298
\c@pagewiselinenumber=\count299
\c@LN@truepage=\count300
\c@internallinenumber=\count301
\c@internallinenumbers=\count302
\quotelinenumbersep=\dimen160
\bframerule=\dimen161
\bframesep=\dimen162
\bframebox=\box55
\@LN@amsmath@ams@eqpen=\count303
) (C:\Users\vidal\AppData\Local\Programs\MiKTeX\tex/latex/base\inputenc.sty
Package: inputenc 2024/02/08 v1.3d Input encoding file
\inpenc@prehook=\toks25
\inpenc@posthook=\toks26
)
(C:\Users\vidal\AppData\Local\Programs\MiKTeX\tex/latex/base\fontenc.sty
Package: fontenc 2025/07/18 v2.1d Standard LaTeX package
)
(C:\Users\vidal\AppData\Local\Programs\MiKTeX\tex/latex/booktabs\booktabs.sty
Package: booktabs 2020/01/12 v1.61803398 Publication quality tables
\heavyrulewidth=\dimen163
\lightrulewidth=\dimen164
\cmidrulewidth=\dimen165
\belowrulesep=\dimen166
\belowbottomsep=\dimen167
\aboverulesep=\dimen168
\abovetopsep=\dimen169
\cmidrulesep=\dimen170
\cmidrulekern=\dimen171
\defaultaddspace=\dimen172
\@cmidla=\count304
\@cmidlb=\count305
\@aboverulesep=\dimen173
\@belowrulesep=\dimen174
\@thisruleclass=\count306
\@lastruleclass=\count307
\@thisrulewidth=\dimen175
)
(C:\Users\vidal\AppData\Local\Programs\MiKTeX\tex/latex/graphics\graphicx.sty
Package: graphicx 2024/12/31 v1.2e Enhanced LaTeX Graphics (DPC,SPQR)

(C:\Users\vidal\AppData\Local\Programs\MiKTeX\tex/latex/graphics\graphics.sty
Package: graphics 2024/08/06 v1.4g Standard LaTeX Graphics (DPC,SPQR)

(C:\Users\vidal\AppData\Local\Programs\MiKTeX\tex/latex/graphics\trig.sty
Package: trig 2023/12/02 v1.11 sin cos tan (DPC)
)
(C:\Users\vidal\AppData\Local\Programs\MiKTeX\tex/latex/graphics-cfg\graphics.c
fg
File: graphics.cfg 2016/06/04 v1.11 sample graphics configuration
)
Package graphics Info: Driver file: pdftex.def on input line 106.

(C:\Users\vidal\AppData\Local\Programs\MiKTeX\tex/latex/graphics-def\pdftex.def
File: pdftex.def 2025/09/29 v1.2d Graphics/color driver for pdftex
))
\Gin@req@height=\dimen176
\Gin@req@width=\dimen177
) (C:\Users\vidal\AppData\Local\Programs\MiKTeX\tex/latex/float\float.sty
Package: float 2001/11/08 v1.3d Float enhancements (AL)
\c@float@type=\count308
\float@exts=\toks27
\float@box=\box56
\@float@everytoks=\toks28
\@floatcapt=\box57
)
(C:\Users\vidal\AppData\Local\Programs\MiKTeX\tex/latex/caption\subcaption.sty
Package: subcaption 2023/07/28 v1.6b Sub-captions (AR)

(C:\Users\vidal\AppData\Local\Programs\MiKTeX\tex/latex/caption\caption.sty
Package: caption 2023/08/05 v3.6o Customizing captions (AR)

(C:\Users\vidal\AppData\Local\Programs\MiKTeX\tex/latex/caption\caption3.sty
Package: caption3 2023/07/31 v2.4d caption3 kernel (AR)
\caption@tempdima=\dimen178
\captionmargin=\dimen179
\caption@leftmargin=\dimen180
\caption@rightmargin=\dimen181
\caption@width=\dimen182
\caption@indent=\dimen183
\caption@parindent=\dimen184
\caption@hangindent=\dimen185
Package caption Info: Standard document class detected.
)
\c@caption@flags=\count309
\c@continuedfloat=\count310
Package caption Info: float package is loaded.
)
Package caption Info: New subtype `subfigure' on input line 238.
\c@subfigure=\count311
Package caption Info: New subtype `subtable' on input line 238.
\c@subtable=\count312
) (C:\Users\vidal\AppData\Local\Programs\MiKTeX\tex/latex/hyperref\hyperref.sty
Package: hyperref 2025-07-12 v7.01o Hypertext links for LaTeX

(C:\Users\vidal\AppData\Local\Programs\MiKTeX\tex/generic/iftex\iftex.sty
Package: iftex 2024/12/12 v1.0g TeX engine tests
)
(C:\Users\vidal\AppData\Local\Programs\MiKTeX\tex/generic/kvdefinekeys\kvdefine
keys.sty
Package: kvdefinekeys 2019-12-19 v1.6 Define keys (HO)
)
(C:\Users\vidal\AppData\Local\Programs\MiKTeX\tex/generic/pdfescape\pdfescape.s
ty
Package: pdfescape 2019/12/09 v1.15 Implements pdfTeX's escape features (HO)

(C:\Users\vidal\AppData\Local\Programs\MiKTeX\tex/generic/pdftexcmds\pdftexcmds
.sty
Package: pdftexcmds 2020-06-27 v0.33 Utility functions of pdfTeX for LuaTeX (HO
)

(C:\Users\vidal\AppData\Local\Programs\MiKTeX\tex/generic/infwarerr\infwarerr.s
ty
Package: infwarerr 2019/12/03 v1.5 Providing info/warning/error messages (HO)
)
Package pdftexcmds Info: \pdf@primitive is available.
Package pdftexcmds Info: \pdf@ifprimitive is available.
Package pdftexcmds Info: \pdfdraftmode found.
))
(C:\Users\vidal\AppData\Local\Programs\MiKTeX\tex/latex/hycolor\hycolor.sty
Package: hycolor 2020-01-27 v1.10 Color options for hyperref/bookmark (HO)
)
(C:\Users\vidal\AppData\Local\Programs\MiKTeX\tex/latex/hyperref\nameref.sty
Package: nameref 2025-06-21 v2.57 Cross-referencing by name of section

(C:\Users\vidal\AppData\Local\Programs\MiKTeX\tex/latex/refcount\refcount.sty
Package: refcount 2019/12/15 v3.6 Data extraction from label references (HO)
)
(C:\Users\vidal\AppData\Local\Programs\MiKTeX\tex/generic/gettitlestring\gettit
lestring.sty
Package: gettitlestring 2019/12/15 v1.6 Cleanup title references (HO)
)
\c@section@level=\count313
)
(C:\Users\vidal\AppData\Local\Programs\MiKTeX\tex/generic/stringenc\stringenc.s
ty
Package: stringenc 2019/11/29 v1.12 Convert strings between diff. encodings (HO
)
)
\@linkdim=\dimen186
\Hy@linkcounter=\count314
\Hy@pagecounter=\count315
 (C:\Users\vidal\AppData\Local\Programs\MiKTeX\tex/latex/hyperref\pd1enc.def
File: pd1enc.def 2025-07-12 v7.01o Hyperref: PDFDocEncoding definition (HO)
Now handling font encoding PD1 ...
... no UTF-8 mapping file for font encoding PD1
) (C:\Users\vidal\AppData\Local\Programs\MiKTeX\tex/generic/intcalc\intcalc.sty
Package: intcalc 2019/12/15 v1.3 Expandable calculations with integers (HO)
)
\Hy@SavedSpaceFactor=\count316
 (C:\Users\vidal\AppData\Local\Programs\MiKTeX\tex/latex/hyperref\puenc.def
File: puenc.def 2025-07-12 v7.01o Hyperref: PDF Unicode definition (HO)
Now handling font encoding PU ...
... no UTF-8 mapping file for font encoding PU
)
Package hyperref Info: Hyper figures OFF on input line 4195.
Package hyperref Info: Link nesting OFF on input line 4200.
Package hyperref Info: Hyper index ON on input line 4203.
Package hyperref Info: Plain pages OFF on input line 4210.
Package hyperref Info: Backreferencing OFF on input line 4215.
Package hyperref Info: Implicit mode ON; LaTeX internals redefined.
Package hyperref Info: Bookmarks ON on input line 4462.
\c@Hy@tempcnt=\count317

(C:\Users\vidal\AppData\Local\Programs\MiKTeX\tex/latex/url\url.sty
\Urlmuskip=\muskip18
Package: url 2013/09/16  ver 3.4  Verb mode for urls, etc.
)
LaTeX Info: Redefining \url on input line 4801.
\XeTeXLinkMargin=\dimen187

(C:\Users\vidal\AppData\Local\Programs\MiKTeX\tex/generic/bitset\bitset.sty
Package: bitset 2019/12/09 v1.3 Handle bit-vector datatype (HO)

(C:\Users\vidal\AppData\Local\Programs\MiKTeX\tex/generic/bigintcalc\bigintcalc
.sty
Package: bigintcalc 2019/12/15 v1.5 Expandable calculations on big integers (HO
)
))
\Fld@menulength=\count318
\Field@Width=\dimen188
\Fld@charsize=\dimen189
Package hyperref Info: Hyper figures OFF on input line 6078.
Package hyperref Info: Link nesting OFF on input line 6083.
Package hyperref Info: Hyper index ON on input line 6086.
Package hyperref Info: backreferencing OFF on input line 6093.
Package hyperref Info: Link coloring OFF on input line 6098.
Package hyperref Info: Link coloring with OCG OFF on input line 6103.
Package hyperref Info: PDF/A mode OFF on input line 6108.
\Hy@abspage=\count319
\c@Item=\count320
\c@Hfootnote=\count321
)
Package hyperref Info: Driver (autodetected): hpdftex.

(C:\Users\vidal\AppData\Local\Programs\MiKTeX\tex/latex/hyperref\hpdftex.def
File: hpdftex.def 2025-07-12 v7.01o Hyperref driver for pdfTeX
\Fld@listcount=\count322
\c@bookmark@seq@number=\count323

(C:\Users\vidal\AppData\Local\Programs\MiKTeX\tex/latex/rerunfilecheck\rerunfil
echeck.sty
Package: rerunfilecheck 2025-06-21 v1.11 Rerun checks for auxiliary files (HO)

(C:\Users\vidal\AppData\Local\Programs\MiKTeX\tex/generic/uniquecounter\uniquec
ounter.sty
Package: uniquecounter 2019/12/15 v1.4 Provide unlimited unique counter (HO)
)
Package uniquecounter Info: New unique counter `rerunfilecheck' on input line 2
84.
)
\Hy@SectionHShift=\skip54
)
(C:\Users\vidal\AppData\Local\Programs\MiKTeX\tex/latex/natbib\natbib.sty
Package: natbib 2010/09/13 8.31b (PWD, AO)
\bibhang=\skip55
\bibsep=\skip56
LaTeX Info: Redefining \cite on input line 694.
\c@NAT@ctr=\count324
)
(C:\Users\vidal\AppData\Local\Programs\MiKTeX\tex/latex/geometry\geometry.sty
Package: geometry 2020/01/02 v5.9 Page Geometry

(C:\Users\vidal\AppData\Local\Programs\MiKTeX\tex/generic/iftex\ifvtex.sty
Package: ifvtex 2019/10/25 v1.7 ifvtex legacy package. Use iftex instead.
)
\Gm@cnth=\count325
\Gm@cntv=\count326
\c@Gm@tempcnt=\count327
\Gm@bindingoffset=\dimen190
\Gm@wd@mp=\dimen191
\Gm@odd@mp=\dimen192
\Gm@even@mp=\dimen193
\Gm@layoutwidth=\dimen194
\Gm@layoutheight=\dimen195
\Gm@layouthoffset=\dimen196
\Gm@layoutvoffset=\dimen197
\Gm@dimlist=\toks29

(C:\Users\vidal\AppData\Local\Programs\MiKTeX\tex/latex/geometry\geometry.cfg))
(C:\Users\vidal\AppData\Local\Programs\MiKTeX\tex/latex/setspace\setspace.sty
Package: setspace 2022/12/04 v6.7b set line spacing
)
(C:\Users\vidal\AppData\Local\Programs\MiKTeX\tex/latex/l3backend\l3backend-pdf
tex.def
File: l3backend-pdftex.def 2025-10-09 L3 backend support: PDF output (pdfTeX)
\l__color_backend_stack_int=\count328
)
No file artigo2-elsevier_V1_anonima.aux.
\openout1 = `artigo2-elsevier_V1_anonima.aux'.

LaTeX Font Info:    Checking defaults for OML/cmm/m/it on input line 29.
LaTeX Font Info:    ... okay on input line 29.
LaTeX Font Info:    Checking defaults for OMS/cmsy/m/n on input line 29.
LaTeX Font Info:    ... okay on input line 29.
LaTeX Font Info:    Checking defaults for OT1/cmr/m/n on input line 29.
LaTeX Font Info:    ... okay on input line 29.
LaTeX Font Info:    Checking defaults for T1/cmr/m/n on input line 29.
LaTeX Font Info:    ... okay on input line 29.
LaTeX Font Info:    Checking defaults for TS1/cmr/m/n on input line 29.
LaTeX Font Info:    ... okay on input line 29.
LaTeX Font Info:    Checking defaults for OMX/cmex/m/n on input line 29.
LaTeX Font Info:    ... okay on input line 29.
LaTeX Font Info:    Checking defaults for U/cmr/m/n on input line 29.
LaTeX Font Info:    ... okay on input line 29.
LaTeX Font Info:    Checking defaults for PD1/pdf/m/n on input line 29.
LaTeX Font Info:    ... okay on input line 29.
LaTeX Font Info:    Checking defaults for PU/pdf/m/n on input line 29.
LaTeX Font Info:    ... okay on input line 29.

(C:\Users\vidal\AppData\Local\Programs\MiKTeX\tex/context/base/mkii\supp-pdf.mk
ii
[Loading MPS to PDF converter (version 2006.09.02).]
\scratchcounter=\count329
\scratchdimen=\dimen198
\scratchbox=\box58
\nofMPsegments=\count330
\nofMParguments=\count331
\everyMPshowfont=\toks30
\MPscratchCnt=\count332
\MPscratchDim=\dimen199
\MPnumerator=\count333
\makeMPintoPDFobject=\count334
\everyMPtoPDFconversion=\toks31
)
(C:\Users\vidal\AppData\Local\Programs\MiKTeX\tex/latex/epstopdf-pkg\epstopdf-b
ase.sty
Package: epstopdf-base 2020-01-24 v2.11 Base part for package epstopdf
Package epstopdf-base Info: Redefining graphics rule for `.eps' on input line 4
85.

(C:\Users\vidal\AppData\Local\Programs\MiKTeX\tex/latex/00miktex\epstopdf-sys.c
fg
File: epstopdf-sys.cfg 2021/03/18 v2.0 Configuration of epstopdf for MiKTeX
))
Package caption Info: Begin \AtBeginDocument code.
Package caption Info: hyperref package is loaded.
Package caption Info: End \AtBeginDocument code.
Package hyperref Info: Link coloring OFF on input line 29.
\@outlinefile=\write3
\openout3 = `artigo2-elsevier_V1_anonima.out'.


*geometry* driver: auto-detecting
*geometry* detected driver: pdftex
*geometry* verbose mode - [ preamble ] result:
* driver: pdftex
* paper: a4paper
* layout: <same size as paper>
* layoutoffset:(h,v)=(0.0pt,0.0pt)
* modes: 
* h-part:(L,W,R)=(71.13188pt, 455.24411pt, 71.13188pt)
* v-part:(T,H,B)=(71.13188pt, 702.78308pt, 71.13188pt)
* \paperwidth=597.50787pt
* \paperheight=845.04684pt
* \textwidth=455.24411pt
* \textheight=702.78308pt
* \oddsidemargin=-1.1381pt
* \evensidemargin=-1.1381pt
* \topmargin=-38.1381pt
* \headheight=12.0pt
* \headsep=25.0pt
* \topskip=12.0pt
* \footskip=30.0pt
* \marginparwidth=35.0pt
* \marginparsep=10.0pt
* \columnsep=10.0pt
* \skip\footins=10.8pt plus 4.0pt minus 2.0pt
* \hoffset=0.0pt
* \voffset=0.0pt
* \mag=1000
* \@twocolumnfalse
* \@twosidefalse
* \@mparswitchfalse
* \@reversemarginfalse
* (1in=72.27pt=25.4mm, 1cm=28.453pt)

LaTeX Font Info:    Trying to load font information for U+msa on input line 38.

(C:\Users\vidal\AppData\Local\Programs\MiKTeX\tex/latex/amsfonts\umsa.fd
File: umsa.fd 2013/01/14 v3.01 AMS symbols A
)
LaTeX Font Info:    Trying to load font information for U+msb on input line 38.


(C:\Users\vidal\AppData\Local\Programs\MiKTeX\tex/latex/amsfonts\umsb.fd
File: umsb.fd 2013/01/14 v3.01 AMS symbols B
)
[1

{C:/Users/vidal/AppData/Local/MiKTeX/fonts/map/pdftex/pdftex.map}]

Package natbib Warning: Citation `Altieri2004' on page 2 undefined on input lin
e 58.


Package natbib Warning: Citation `Jarvis2008' on page 2 undefined on input line
 58.


Package natbib Warning: Citation `ReyesGarcia2013' on page 2 undefined on input
 line 58.


Package natbib Warning: Citation `Barney1991' on page 2 undefined on input line
 60.


Package natbib Warning: Citation `Santilli2009' on page 2 undefined on input li
ne 60.


Package natbib Warning: Citation `Cunha2009' on page 2 undefined on input line 
60.


Package natbib Warning: Citation `Goncalves2022' on page 2 undefined on input l
ine 60.


Package natbib Warning: Citation `GomezBaggethun2013' on page 2 undefined on in
put line 62.

[2]

Package natbib Warning: Citation `Brush2004' on page 3 undefined on input line 
64.


Package natbib Warning: Citation `Bastos2022' on page 3 undefined on input line
 64.


Package natbib Warning: Citation `Aniah2019' on page 3 undefined on input line 
66.


Package natbib Warning: Citation `Laborde2023' on page 3 undefined on input lin
e 68.


Package natbib Warning: Citation `Ens2016' on page 3 undefined on input line 68
.


Package natbib Warning: Citation `CalvetMir2016' on page 3 undefined on input l
ine 70.


Package natbib Warning: Citation `LaRosa2021' on page 3 undefined on input line
 70.


Package natbib Warning: Citation `Saiba2023' on page 3 undefined on input line 
70.


Package natbib Warning: Citation `Santilli2009' on page 3 undefined on input li
ne 72.


Package natbib Warning: Citation `Wynberg2015' on page 3 undefined on input lin
e 72.


Package natbib Warning: Citation `Laird2020' on page 3 undefined on input line 
72.


Package natbib Warning: Citation `FalsBorda1991' on page 3 undefined on input l
ine 74.


Package natbib Warning: Citation `Ostrom1990' on page 3 undefined on input line
 74.


Package natbib Warning: Citation `Agrawal2002' on page 3 undefined on input lin
e 74.

[3]

Package natbib Warning: Citation `Borenstein2009' on page 4 undefined on input 
line 76.


Package natbib Warning: Citation `Page2021' on page 4 undefined on input line 9
2.


LaTeX Warning: Reference `fig:prisma-flow' on page 4 undefined on input line 92
.



pdfTeX warning: pdflatex.exe (file ./Fig1.pdf): PDF inclusion: found PDF versio
n <1.7>, but at most version <1.5> allowed
<Fig1.pdf, id=27, 600.2425pt x 578.16pt>
File: Fig1.pdf Graphic file (type pdf)
<use Fig1.pdf>
Package pdftex.def Info: Fig1.pdf  used on input line 96.
(pdftex.def)             Requested size: 309.56265pt x 298.1836pt.

Package natbib Warning: Citation `Higgins2019' on page 4 undefined on input lin
e 101.


Package natbib Warning: Citation `Agrawal2002' on page 4 undefined on input lin
e 106.


Package natbib Warning: Citation `Folke2016' on page 4 undefined on input line 
106.

[4]

LaTeX Warning: Reference `tab:proxies' on page 5 undefined on input line 108.

[5 <./Fig1.pdf>]

LaTeX Warning: Reference `tab:picos' on page 6 undefined on input line 113.


LaTeX Warning: Reference `tab:proxies' on page 6 undefined on input line 127.


Underfull \hbox (badness 1460) in paragraph at lines 128--129
\T1/cmr/m/n/10.95 pub-lished be-tween 2016 and 2026 in En-glish, Por-
 []


Package natbib Warning: Citation `Shadish2002' on page 6 undefined on input lin
e 133.


Package natbib Warning: Citation `Westgate2019' on page 6 undefined on input li
ne 140.

[6] [7]
Overfull \hbox (3.73401pt too wide) in paragraph at lines 151--151
[]\T1/cmr/bx/n/14.4 Functional clas-si-fi-ca-tion of vul-ner-a-bil-ity di-men-s
ions and proxy
 []


LaTeX Warning: Reference `tab:proxies' on page 8 undefined on input line 154.


Overfull \hbox (1.18912pt too wide) in paragraph at lines 163--163
[]\T1/cmr/bx/n/8 Dim.| 
 []


Underfull \hbox (badness 10000) in paragraph at lines 163--163
[]\T1/cmr/bx/n/8 Proxy vari-ables (ex-
 []


Overfull \hbox (0.67192pt too wide) in paragraph at lines 165--165
[]\T1/cmr/m/n/8 Intergenerational
 []


Underfull \hbox (badness 2035) in paragraph at lines 165--165
[]\T1/cmr/m/n/8 Proportion of youth ($\OML/cmm/m/it/8 <$ \T1/cmr/m/n/8 35
 []


Underfull \hbox (badness 1635) in paragraph at lines 165--165
\T1/cmr/m/n/8 years) with knowl-edge mas-
 []


Underfull \hbox (badness 10000) in paragraph at lines 165--165
[]\T1/cmr/m/n/8 %,
 []


Underfull \hbox (badness 10000) in paragraph at lines 165--165
\T1/cmr/m/n/8 events$\OMS/cmsy/m/n/8 ^^A$\T1/cmr/m/n/8 yr$[]$,
 []


Underfull \hbox (badness 10000) in paragraph at lines 167--167
[]\T1/cmr/m/n/8 Biocultural
 []


Underfull \hbox (badness 1314) in paragraph at lines 167--167
\T1/cmr/m/n/8 Com-plex-ity and
 []


Underfull \hbox (badness 10000) in paragraph at lines 167--167
[]\T1/cmr/m/n/8 Managed species rich-ness
 []


Underfull \hbox (badness 10000) in paragraph at lines 167--167
\T1/cmr/m/n/8 num-ber of lo-cal va-ri-eties;
 []


Underfull \hbox (badness 1365) in paragraph at lines 167--167
\T1/cmr/m/n/8 coded soil-plant in-ter-ac-tions;
 []


Underfull \hbox (badness 10000) in paragraph at lines 169--169
[]\T1/cmr/m/n/8 Documentation
 []


Underfull \hbox (badness 1454) in paragraph at lines 169--169
[]\T1/cmr/m/n/8 Number of knowl-edge items
 []


Underfull \hbox (badness 1005) in paragraph at lines 169--169
\T1/cmr/m/n/8 with for-mal reg-is-tra-tion (in-
 []


Underfull \hbox (badness 10000) in paragraph at lines 171--171
\T1/cmr/m/n/8 mech-a-nisms (GI, col-lec-tive
 []


Underfull \hbox (badness 3579) in paragraph at lines 171--171
\T1/cmr/m/n/8 mark, IPHAN reg-is-tra-tion);
 []


Underfull \hbox (badness 3291) in paragraph at lines 171--171
[]\T1/cmr/m/n/8 count, bi-nary,
 []


Underfull \hbox (badness 10000) in paragraph at lines 173--173
[]\T1/cmr/m/n/8 count,
 []


Underfull \hbox (badness 10000) in paragraph at lines 173--173
\T1/cmr/m/n/8 events$\OMS/cmsy/m/n/8 ^^A$\T1/cmr/m/n/8 mo$[]$,
 []


Underfull \hbox (badness 10000) in paragraph at lines 175--175
[]\T1/cmr/m/n/8 ordinal, %,
 []


Underfull \hbox (badness 1960) in paragraph at lines 177--177
[]\T1/cmr/m/n/8 Market In-te-gra-
 []


Underfull \hbox (badness 6961) in paragraph at lines 179--179
[]\T1/cmr/m/n/8 Climatic Ex-po-
 []


Underfull \hbox (badness 10000) in paragraph at lines 179--179
[]\T1/cmr/m/n/8 SPI (Stan-dard-ized Pre-cip-i-
 []


Underfull \hbox (badness 6110) in paragraph at lines 179--179
\T1/cmr/m/n/8 ta-tion In-dex); tem-per-a-ture
 []


Underfull \hbox (badness 4752) in paragraph at lines 179--179
\T1/cmr/m/n/8 anomaly; fre-quency of ex-
 []


Underfull \hbox (badness 10000) in paragraph at lines 179--179
[]\T1/cmr/m/n/8 index, $[]$C,
 []


Underfull \hbox (badness 10000) in paragraph at lines 179--179
\T1/cmr/m/n/8 events$\OMS/cmsy/m/n/8 ^^A$\T1/cmr/m/n/8 yr$[]$,
 []


Package natbib Warning: Citation `ReyesGarcia2013' on page 8 undefined on input
 line 184.


Package natbib Warning: Citation `GomezBaggethun2013' on page 8 undefined on in
put line 184.


Package natbib Warning: Citation `Tran2025' on page 8 undefined on input line 1
84.


Package natbib Warning: Citation `Moller2023' on page 8 undefined on input line
 184.


Package natbib Warning: Citation `Bastos2022' on page 8 undefined on input line
 184.


Package natbib Warning: Citation `VazquezDelfin2022' on page 8 undefined on inp
ut line 184.


Package natbib Warning: Citation `Aniah2019' on page 8 undefined on input line 
184.


Package natbib Warning: Citation `Jarvis2008' on page 8 undefined on input line
 184.


Package natbib Warning: Citation `Brush2004' on page 8 undefined on input line 
184.


Package natbib Warning: Citation `Sibanda2025' on page 8 undefined on input lin
e 184.


Package natbib Warning: Citation `Ostrom1990' on page 8 undefined on input line
 184.


Package natbib Warning: Citation `Pretty2003' on page 8 undefined on input line
 184.


Package natbib Warning: Citation `Sibanda2025' on page 8 undefined on input lin
e 184.


Package natbib Warning: Citation `RomeroSilva2026' on page 8 undefined on input
 line 184.


Package natbib Warning: Citation `MugiNgenga2016' on page 8 undefined on input 
line 184.


Package natbib Warning: Citation `LewisSimons2010' on page 8 undefined on input
 line 184.


Package natbib Warning: Citation `ZentMaffi2009' on page 8 undefined on input l
ine 184.


Package natbib Warning: Citation `CamaraLeret2021' on page 8 undefined on input
 line 184.


Package natbib Warning: Citation `Godoy2005' on page 8 undefined on input line 
184.


Package natbib Warning: Citation `ReyesGarcia2013' on page 8 undefined on input
 line 184.


Package natbib Warning: Citation `Savo2016' on page 8 undefined on input line 1
84.

[8] [9]

Package natbib Warning: Citation `Borenstein2009' on page 10 undefined on input
 line 189.

[10]

LaTeX Warning: Reference `tab:proxies' on page 11 undefined on input line 198.


Package natbib Warning: Citation `Betancur2022' on page 11 undefined on input l
ine 205.


Package natbib Warning: Citation `Rohatgi2020' on page 11 undefined on input li
ne 205.


LaTeX Warning: Reference `eq:lnrr' on page 11 undefined on input line 212.


LaTeX Warning: Reference `eq:vi' on page 11 undefined on input line 212.


LaTeX Warning: Reference `eq:z-conv' on page 11 undefined on input line 214.


LaTeX Warning: Reference `eq:lnrr-conv' on page 11 undefined on input line 214.


[11]

LaTeX Warning: Reference `eq:z-conv' on page 12 undefined on input line 223.


LaTeX Warning: Reference `eq:d-conv' on page 12 undefined on input line 223.


Package natbib Warning: Citation `Borenstein2009' on page 12 undefined on input
 line 223.


LaTeX Warning: Reference `eq:lnor-conv' on page 12 undefined on input line 223.



Package natbib Warning: Citation `Hasselblad1995' on page 12 undefined on input
 line 223.


LaTeX Warning: Reference `eq:lnrr-conv' on page 12 undefined on input line 223.



Package natbib Warning: Citation `Zhang1998' on page 12 undefined on input line
 223.


Package natbib Warning: Citation `Lajeunesse2011' on page 12 undefined on input
 line 230.

[12]

Package natbib Warning: Citation `Hasselblad1995' on page 13 undefined on input
 line 248.


Package natbib Warning: Citation `Zhang1998' on page 13 undefined on input line
 248.


Package natbib Warning: Citation `vanBuuren2011' on page 13 undefined on input 
line 257.

[13]

Package natbib Warning: Citation `Pustejovsky2022' on page 14 undefined on inpu
t line 259.


Package natbib Warning: Citation `Pustejovsky2022' on page 14 undefined on inpu
t line 261.


LaTeX Warning: Reference `eq:i2' on page 14 undefined on input line 263.


Package natbib Warning: Citation `Higgins2003' on page 14 undefined on input li
ne 263.


Package natbib Warning: Citation `Hedges1999' on page 14 undefined on input lin
e 273.


LaTeX Warning: Reference `eq:lnrr' on page 14 undefined on input line 273.


LaTeX Warning: Reference `eq:vi' on page 14 undefined on input line 280.


Package natbib Warning: Citation `Hedges1999' on page 14 undefined on input lin
e 280.

[14]

LaTeX Warning: Reference `eq:model' on page 15 undefined on input line 287.


Package natbib Warning: Citation `IntHout2016' on page 15 undefined on input li
ne 296.


Package natbib Warning: Citation `Borenstein2009' on page 15 undefined on input
 line 296.


Package natbib Warning: Citation `Viechtbauer2010' on page 15 undefined on inpu
t line 298.


Package natbib Warning: Citation `Begg1994' on page 15 undefined on input line 
300.


Package natbib Warning: Citation `Duval2000' on page 15 undefined on input line
 300.


Package natbib Warning: Citation `Viechtbauer2010' on page 15 undefined on inpu
t line 304.


Package natbib Warning: Citation `Pustejovsky2022' on page 15 undefined on inpu
t line 304.

[15]

LaTeX Warning: Reference `tab:proxies' on page 16 undefined on input line 316.


LaTeX Warning: Reference `fig:methods-flow' on page 16 undefined on input line 
318.

<Fig2.pdf, id=133, 407.08385pt x 497.30695pt>
File: Fig2.pdf Graphic file (type pdf)
<use Fig2.pdf>
Package pdftex.def Info: Fig2.pdf  used on input line 322.
(pdftex.def)             Requested size: 373.3035pt x 456.05582pt.
[16] [17 <./Fig2.pdf>]

Package natbib Warning: Citation `Aswani2020' on page 18 undefined on input lin
e 339.


Package natbib Warning: Citation `Bussmann2018' on page 18 undefined on input l
ine 339.


Package natbib Warning: Citation `Ghanimi2022' on page 18 undefined on input li
ne 339.


Package natbib Warning: Citation `Malapane2024' on page 18 undefined on input l
ine 339.


Package natbib Warning: Citation `RodriguezCruz2022' on page 18 undefined on in
put line 339.


Package natbib Warning: Citation `Rodriguez2018' on page 18 undefined on input 
line 339.


Package natbib Warning: Citation `Agrawal2002' on page 18 undefined on input li
ne 341.


LaTeX Warning: Reference `fig:prisma-flow' on page 18 undefined on input line 3
43.

[18]

LaTeX Warning: Reference `fig:forest-agregado' on page 19 undefined on input li
ne 353.


Package natbib Warning: Citation `Santilli2009' on page 19 undefined on input l
ine 355.


Package natbib Warning: Citation `Dutfield2004' on page 19 undefined on input l
ine 355.


Package natbib Warning: Citation `Cottier2004' on page 19 undefined on input li
ne 355.


Package natbib Warning: Citation `Ostrom1990' on page 19 undefined on input lin
e 355.


Package natbib Warning: Citation `Berkes2007' on page 19 undefined on input lin
e 355.


Package natbib Warning: Citation `Rathwell2015' on page 19 undefined on input l
ine 355.

[19]

Package natbib Warning: Citation `Brush2004' on page 20 undefined on input line
 359.


LaTeX Warning: Reference `fig:forest-agregado' on page 20 undefined on input li
ne 359.

<Fig3.pdf, id=222, 794.97pt x 505.89pt>
File: Fig3.pdf Graphic file (type pdf)
<use Fig3.pdf>
Package pdftex.def Info: Fig3.pdf  used on input line 364.
(pdftex.def)             Requested size: 432.48051pt x 275.22212pt.
[20 <./Fig3.pdf>]

LaTeX Warning: Reference `fig:meta-reg-regiao' on page 21 undefined on input li
ne 374.

<Fig4.pdf, id=236, 1011.78pt x 650.43pt>
File: Fig4.pdf Graphic file (type pdf)
<use Fig4.pdf>
Package pdftex.def Info: Fig4.pdf  used on input line 380.
(pdftex.def)             Requested size: 432.48051pt x 278.022pt.

LaTeX Warning: Reference `fig:meta-reg-comunidade' on page 21 undefined on inpu
t line 385.

<Fig5.pdf, id=237, 1011.78pt x 650.43pt>
File: Fig5.pdf Graphic file (type pdf)
<use Fig5.pdf>
Package pdftex.def Info: Fig5.pdf  used on input line 389.
(pdftex.def)             Requested size: 432.48051pt x 278.022pt.

LaTeX Warning: Reference `fig:meta-reg-intervencao' on page 21 undefined on inp
ut line 394.

[21] [22 <./Fig4.pdf> <./Fig5.pdf>]
<Fig6.pdf, id=271, 1011.78pt x 650.43pt>
File: Fig6.pdf Graphic file (type pdf)
<use Fig6.pdf>
Package pdftex.def Info: Fig6.pdf  used on input line 398.
(pdftex.def)             Requested size: 432.48051pt x 278.022pt.


Package natbib Warning: Citation `Song2010' on page 23 undefined on input line 
406.

[23]

LaTeX Warning: Reference `fig:loo' on page 24 undefined on input line 412.

[24 <./Fig6.pdf>]
<Fig7a.pdf, id=293, 867.24pt x 433.62pt>
File: Fig7a.pdf Graphic file (type pdf)
<use Fig7a.pdf>
Package pdftex.def Info: Fig7a.pdf  used on input line 418.
(pdftex.def)             Requested size: 355.08984pt x 177.54715pt.
<Fig7b.pdf, id=294, 867.24pt x 433.62pt>
File: Fig7b.pdf Graphic file (type pdf)
<use Fig7b.pdf>
Package pdftex.def Info: Fig7b.pdf  used on input line 427.
(pdftex.def)             Requested size: 355.08984pt x 177.54715pt.
<Fig7c.pdf, id=295, 867.24pt x 433.62pt>
File: Fig7c.pdf Graphic file (type pdf)
<use Fig7c.pdf>
Package pdftex.def Info: Fig7c.pdf  used on input line 436.
(pdftex.def)             Requested size: 355.08984pt x 177.54715pt.


Package natbib Warning: Citation `Mobarak2025' on page 25 undefined on input li
ne 447.


Package natbib Warning: Citation `LaRosa2021' on page 25 undefined on input lin
e 447.


Package natbib Warning: Citation `Suwardi2025' on page 25 undefined on input li
ne 447.


Package natbib Warning: Citation `Essien2025' on page 25 undefined on input lin
e 447.


Package natbib Warning: Citation `Zeleke2025' on page 25 undefined on input lin
e 447.


Package natbib Warning: Citation `Agrawal2002' on page 25 undefined on input li
ne 449.


Package natbib Warning: Citation `TangGavin2016' on page 25 undefined on input 
line 449.


Package natbib Warning: Citation `FernandezLlamazares2021' on page 25 undefined
 on input line 449.


Package natbib Warning: Citation `Cantor2025' on page 25 undefined on input lin
e 456.


Package natbib Warning: Citation `Sibanda2025' on page 25 undefined on input li
ne 456.


Package natbib Warning: Citation `Gerner2025' on page 25 undefined on input lin
e 456.

[25] [26 <./Fig7a.pdf> <./Fig7b.pdf> <./Fig7c.pdf>]

Package natbib Warning: Citation `ReyesGarcia2013evidence' on page 27 undefined
 on input line 458.


Package natbib Warning: Citation `HedgesKipila2020' on page 27 undefined on inp
ut line 458.


Package natbib Warning: Citation `Gruberg2022' on page 27 undefined on input li
ne 458.


Package natbib Warning: Citation `Tran2025' on page 27 undefined on input line 
458.


Package natbib Warning: Citation `Moller2023' on page 27 undefined on input lin
e 458.


Package natbib Warning: Citation `Aniah2019' on page 27 undefined on input line
 458.

[27]

Package natbib Warning: Citation `Zeleke2025' on page 28 undefined on input lin
e 462.


Package natbib Warning: Citation `Suwardi2025' on page 28 undefined on input li
ne 462.


Package natbib Warning: Citation `Maina2012' on page 28 undefined on input line
 462.


Package natbib Warning: Citation `Poorna2014' on page 28 undefined on input lin
e 462.


Package natbib Warning: Citation `Balogun2021' on page 28 undefined on input li
ne 462.


Overfull \hbox (1.28696pt too wide) in paragraph at lines 462--463
[]\T1/cmr/m/n/12 The doc-u-men-ta-tion sta-tus di-men-sion ($\OML/cmm/m/it/12 V
[]$\T1/cmr/m/n/12 ) ex-hib-ited a near-zero ef-fect ($[] \OT1/cmr/m/n/12 = +0\O
ML/cmm/m/it/12 :\OT1/cmr/m/n/12 007$\T1/cmr/m/n/12 ;
 []


Package natbib Warning: Citation `Mobarak2025' on page 28 undefined on input li
ne 464.


Package natbib Warning: Citation `Suwardi2025' on page 28 undefined on input li
ne 464.


Package natbib Warning: Citation `LaRosa2021' on page 28 undefined on input lin
e 464.


Package natbib Warning: Citation `Dutfield2004' on page 28 undefined on input l
ine 464.


Package natbib Warning: Citation `BavikatteRobinson2011' on page 28 undefined o
n input line 464.


Package natbib Warning: Citation `Nemoga2022' on page 28 undefined on input lin
e 464.


Package natbib Warning: Citation `Savo2016' on page 28 undefined on input line 
466.

[28]

Package natbib Warning: Citation `Berkes2004' on page 29 undefined on input lin
e 471.


Package natbib Warning: Citation `OlssonFolkeBerkes2004' on page 29 undefined o
n input line 471.


Overfull \hbox (1.47263pt too wide) in paragraph at lines 471--472
\OMS/cmsy/m/n/12 ^^@\OT1/cmr/m/n/12 0\OML/cmm/m/it/12 :\OT1/cmr/m/n/12 464$ \T1
/cmr/m/n/12 for re-gion, $\OMS/cmsy/m/n/12 ^^@\OT1/cmr/m/n/12 0\OML/cmm/m/it/12
 :\OT1/cmr/m/n/12 395$ \T1/cmr/m/n/12 for com-mu-nity type), sug-gest-ing that 
in-ter-ven-tions to strengthen
 []

[29]

Package natbib Warning: Citation `Agrawal2002' on page 30 undefined on input li
ne 473.


Package natbib Warning: Citation `GomezBaggethun2013' on page 30 undefined on i
nput line 473.


Package natbib Warning: Citation `RomeroSilva2026' on page 30 undefined on inpu
t line 475.


Package natbib Warning: Citation `MugiNgenga2016' on page 30 undefined on input
 line 475.


LaTeX Warning: Reference `fig:meta-reg-regiao' on page 30 undefined on input li
ne 481.


Package natbib Warning: Citation `Sibanda2025' on page 30 undefined on input li
ne 481.


Package natbib Warning: Citation `Gerner2025' on page 30 undefined on input lin
e 481.


Package natbib Warning: Citation `ReyesGarcia2014' on page 30 undefined on inpu
t line 481.


Package natbib Warning: Citation `Rayne2022' on page 30 undefined on input line
 481.

[30]

LaTeX Warning: Reference `fig:meta-reg-comunidade' on page 31 undefined on inpu
t line 483.


Package natbib Warning: Citation `BavikatteRobinson2011' on page 31 undefined o
n input line 483.


Package natbib Warning: Citation `Robinson2014' on page 31 undefined on input l
ine 483.


Package natbib Warning: Citation `BerkesTurner2006' on page 31 undefined on inp
ut line 483.


Package natbib Warning: Citation `Folke2004' on page 31 undefined on input line
 483.


LaTeX Warning: Reference `fig:meta-reg-intervencao' on page 31 undefined on inp
ut line 485.


Package natbib Warning: Citation `Zimmerer2018' on page 31 undefined on input l
ine 485.


Package natbib Warning: Citation `CamaraLeret2021' on page 31 undefined on inpu
t line 485.


Overfull \hbox (13.58284pt too wide) in paragraph at lines 485--486
[]\T1/cmr/m/n/12 Interventions an-chored in sym-bolic ter-ri-to-ries, such as s
a-cred grove con-ser-va-tion (Fig. []),
 []


LaTeX Warning: Reference `fig:loo' on page 31 undefined on input line 487.


Package natbib Warning: Citation `Sibanda2025' on page 31 undefined on input li
ne 487.

[31] [32]
No file artigo2-elsevier_V1_anonima.bbl.
[33]

Package natbib Warning: There were undefined citations.

[34] (artigo2-elsevier_V1_anonima.aux)
 ***********
LaTeX2e <2025-11-01>
L3 programming layer <2025-12-29>
 ***********


LaTeX Warning: There were undefined references.


LaTeX Warning: Label(s) may have changed. Rerun to get cross-references right.


Package rerunfilecheck Warning: File `artigo2-elsevier_V1_anonima.out' has chan
ged.
(rerunfilecheck)                Rerun to get outlines right
(rerunfilecheck)                or use package `bookmark'.

Package rerunfilecheck Info: Checksums for `artigo2-elsevier_V1_anonima.out':
(rerunfilecheck)             Before: <no file>
(rerunfilecheck)             After:  18C971A09D82F9EDDAC9B80C1C6D1003;6640.
 ) 
Here is how much of TeX's memory you used:
 12908 strings out of 467871
 201590 string characters out of 5418376
 620468 words of memory out of 5000000
 41532 multiletter control sequences out of 15000+600000
 655539 words of font info for 117 fonts, out of 8000000 for 9000
 1141 hyphenation exceptions out of 8191
 69i,12n,79p,2460b,618s stack positions out of 10000i,1000n,20000p,200000b,200000s
 <C:\Users\vidal\AppData\Local\MiKTeX\fonts/pk/ljfour/jknappen/ec/dpi600\ecrm
0800.pk> <C:\Users\vidal\AppData\Local\MiKTeX\fonts/pk/ljfour/jknappen/ec/dpi60
0\ecbx0800.pk> <C:\Users\vidal\AppData\Local\MiKTeX\fonts/pk/ljfour/jknappen/ec
/dpi600\ecti1200.pk> <C:\Users\vidal\AppData\Local\MiKTeX\fonts/pk/ljfour/jknap
pen/ec/dpi600\ectt1200.pk> <C:\Users\vidal\AppData\Local\MiKTeX\fonts/pk/ljfour
/jknappen/ec/dpi600\ecbx1440.pk> <C:\Users\vidal\AppData\Local\MiKTeX\fonts/pk/
ljfour/jknappen/ec/dpi450\ecss0800.pk> <C:\Users\vidal\AppData\Local\MiKTeX\fon
ts/pk/ljfour/jknappen/ec/dpi600\ecbx1728.pk> <C:\Users\vidal\AppData\Local\MiKT
eX\fonts/pk/ljfour/jknappen/ec/dpi600\ecbx1200.pk> <C:\Users\vidal\AppData\Loca
l\MiKTeX\fonts/pk/ljfour/jknappen/ec/dpi600\ecrm1200.pk> <C:\Users\vidal\AppDat
a\Local\MiKTeX\fonts/pk/ljfour/jknappen/ec/dpi600\ecbx1095.pk> <C:\Users\vidal\
AppData\Local\MiKTeX\fonts/pk/ljfour/jknappen/ec/dpi600\ecrm1095.pk> <C:\Users\
vidal\AppData\Local\MiKTeX\fonts/pk/ljfour/jknappen/ec/dpi600\ecrm1440.pk> <C:\
Users\vidal\AppData\Local\MiKTeX\fonts/pk/ljfour/jknappen/ec/dpi600\ecrm2074.pk
><C:/Users/vidal/AppData/Local/Programs/MiKTeX/fonts/type1/public/amsfonts/cm/c
mbx12.pfb><C:/Users/vidal/AppData/Local/Programs/MiKTeX/fonts/type1/public/amsf
onts/cm/cmex10.pfb><C:/Users/vidal/AppData/Local/Programs/MiKTeX/fonts/type1/pu
blic/amsfonts/cm/cmmi10.pfb><C:/Users/vidal/AppData/Local/Programs/MiKTeX/fonts
/type1/public/amsfonts/cm/cmmi12.pfb><C:/Users/vidal/AppData/Local/Programs/MiK
TeX/fonts/type1/public/amsfonts/cm/cmmi8.pfb><C:/Users/vidal/AppData/Local/Prog
rams/MiKTeX/fonts/type1/public/amsfonts/cm/cmmib10.pfb><C:/Users/vidal/AppData/
Local/Programs/MiKTeX/fonts/type1/public/amsfonts/cm/cmr12.pfb><C:/Users/vidal/
AppData/Local/Programs/MiKTeX/fonts/type1/public/amsfonts/cm/cmr6.pfb><C:/Users
/vidal/AppData/Local/Programs/MiKTeX/fonts/type1/public/amsfonts/cm/cmr8.pfb><C
:/Users/vidal/AppData/Local/Programs/MiKTeX/fonts/type1/public/amsfonts/cm/cmsy
10.pfb><C:/Users/vidal/AppData/Local/Programs/MiKTeX/fonts/type1/public/amsfont
s/cm/cmsy6.pfb><C:/Users/vidal/AppData/Local/Programs/MiKTeX/fonts/type1/public
/amsfonts/cm/cmsy8.pfb><C:/Users/vidal/AppData/Local/Programs/MiKTeX/fonts/type
1/public/lm/lmmi6.pfb><C:/Users/vidal/AppData/Local/Programs/MiKTeX/fonts/type1
/public/lm/lmmi7.pfb><C:/Users/vidal/AppData/Local/Programs/MiKTeX/fonts/type1/
public/lm/lmmi9.pfb><C:/Users/vidal/AppData/Local/Programs/MiKTeX/fonts/type1/p
ublic/lm/lmr5.pfb><C:/Users/vidal/AppData/Local/Programs/MiKTeX/fonts/type1/pub
lic/lm/lmr6.pfb><C:/Users/vidal/AppData/Local/Programs/MiKTeX/fonts/type1/publi
c/lm/lmr7.pfb><C:/Users/vidal/AppData/Local/Programs/MiKTeX/fonts/type1/public/
lm/lmr9.pfb><C:/Users/vidal/AppData/Local/Programs/MiKTeX/fonts/type1/public/lm
/lmri7.pfb><C:/Users/vidal/AppData/Local/Programs/MiKTeX/fonts/type1/public/lm/
lmssbx10.pfb><C:/Users/vidal/AppData/Local/Programs/MiKTeX/fonts/type1/public/l
m/lmsy7.pfb>
Output written on artigo2-elsevier_V1_anonima.pdf (34 pages, 713709 bytes).
PDF statistics:
 962 PDF objects out of 1000 (max. 8388607)
 90 named destinations out of 1000 (max. 500000)
 46 words of extra memory for PDF output out of 10000 (max. 10000000)

